=== intento 1 21:57:39 ===
=== intento 1 22:32:13 ===
=== intento 1 12:39:53 ===
=== intento 1 (fix dorms) 12:42:46 ===
[detalle] 2630 fichas pendientes
  ... 25/2630
  ... 50/2630
  ... 75/2630
  ... 100/2630
  ... 125/2630
  ... 150/2630
  ... 175/2630
  ... 200/2630
  ... 225/2630
  ... 250/2630
  ... 275/2630
  ... 300/2630
  ... 325/2630
  ... 350/2630
  ... 375/2630
  ... 400/2630
  ... 425/2630
  ... 450/2630
  ... 475/2630
  ... 500/2630
  ... 525/2630
  ... 550/2630
  ... 575/2630
  ... 600/2630
  ... 625/2630
  ... 650/2630
  ... 675/2630
  ... 700/2630
  ... 725/2630
  ... 750/2630
  ... 775/2630
  ... 800/2630
  ... 825/2630
  ... 850/2630
  ... 875/2630
  ... 900/2630
  ... 925/2630
  ... 950/2630
  ... 975/2630
  ... 1000/2630
  ... 1025/2630
  ... 1050/2630
  ... 1075/2630
  ... 1100/2630
  ... 1125/2630
  ... 1150/2630
  ... 1175/2630
  ... 1200/2630
  ... 1225/2630
  ... 1250/2630
  ... 1275/2630
  ... 1300/2630
  ... 1325/2630
  ... 1350/2630
  ... 1375/2630
  ... 1400/2630
  ... 1425/2630
  ... 1450/2630
  ... 1475/2630
  ... 1500/2630
  ... 1525/2630
  ... 1550/2630
  ... 1575/2630
  ... 1600/2630
  ... 1625/2630
  ... 1650/2630
  ... 1675/2630
  ... 1700/2630
  ... 1725/2630
  ... 1750/2630
  ... 1775/2630
  ... 1800/2630
  ... 1825/2630
  ... 1850/2630
  ... 1875/2630
  ... 1900/2630
  ... 1925/2630
  ... 1950/2630
  ... 1975/2630
  ... 2000/2630
  ... 2025/2630
  ... 2050/2630
  ... 2075/2630
  ... 2100/2630
  ... 2125/2630
  ... 2150/2630
  ... 2175/2630
  ... 2200/2630
  ... 2225/2630
  ... 2250/2630
  ... 2275/2630
  ... 2300/2630
  ... 2325/2630
  ... 2350/2630
  ... 2375/2630
  ... 2400/2630
  ... 2425/2630
  ... 2450/2630
  ... 2475/2630
  ... 2500/2630
  ... 2525/2630
  ... 2550/2630
  ... 2575/2630
  ... 2600/2630
  ... 2625/2630

CSV exportado: data/dataset_ofertas.csv (15102 filas)
sitio   comuna      operacion tipo           avisos c/detalle
pi      la-florida  arriendo  casa              102       102
pi      la-florida  arriendo  departamento     1225      1225
pi      la-florida  venta     casa             1512      1512
pi      la-florida  venta     departamento     1867      1867
pi      macul       arriendo  casa               17        17
pi      macul       arriendo  departamento      808       808
pi      macul       venta     casa              387       387
pi      macul       venta     departamento     1220      1220
pi      nunoa       arriendo  casa               91        91
pi      nunoa       arriendo  departamento     1518      1518
pi      nunoa       venta     casa              965       965
pi      nunoa       venta     departamento     2016      2016
pi      san-miguel  arriendo  casa               18        18
pi      san-miguel  arriendo  departamento      993       993
pi      san-miguel  venta     casa              347       347
pi      san-miguel  venta     departamento     2016      2016
=== REPARACION dorms/banos via re-listado 14:57:28 ===
