[listado] macul / venta / casa
    [pi] macul/venta/casa pág.1: 48 avisos
    [pi] macul/venta/casa pág.2: 48 avisos
    [pi] macul/venta/casa pág.3: 48 avisos
    [pi] macul/venta/casa pág.4: 48 avisos
    [pi] macul/venta/casa pág.5: 48 avisos
    [pi] macul/venta/casa pág.6: 48 avisos
    [pi] macul/venta/casa pág.7: 48 avisos
    [pi] macul/venta/casa pág.8: 48 avisos
    [pi] macul/venta/casa pág.9: 3 avisos
    [pi] sin respuesta: https://www.portalinmobiliario.com/venta/casa/macul-metropolitana_Desde_433
  -> 387 avisos guardados/actualizados
[listado] macul / venta / departamento
    [pi] macul/venta/departamento pág.1: 48 avisos
    [pi] macul/venta/departamento pág.2: 48 avisos
    [pi] macul/venta/departamento pág.3: 48 avisos
    [pi] macul/venta/departamento pág.4: 48 avisos
    [pi] macul/venta/departamento pág.5: 48 avisos
    [pi] macul/venta/departamento pág.6: 48 avisos
    [pi] macul/venta/departamento pág.7: 48 avisos
    [pi] macul/venta/departamento pág.8: 48 avisos
    [pi] macul/venta/departamento pág.9: 48 avisos
    [pi] macul/venta/departamento pág.10: 48 avisos
    [pi] macul/venta/departamento pág.11: 48 avisos
    [pi] macul/venta/departamento pág.12: 48 avisos
    [pi] macul/venta/departamento pág.13: 48 avisos
    [pi] macul/venta/departamento pág.14: 48 avisos
    [pi] macul/venta/departamento pág.15: 48 avisos
    [pi] macul/venta/departamento pág.16: 48 avisos
    [pi] macul/venta/departamento pág.17: 48 avisos
    [pi] macul/venta/departamento pág.18: 48 avisos
    [pi] macul/venta/departamento pág.19: 48 avisos
    [pi] macul/venta/departamento pág.20: 48 avisos
    [pi] macul/venta/departamento pág.21: 48 avisos
    [pi] macul/venta/departamento pág.22: 48 avisos
    [pi] macul/venta/departamento pág.23: 48 avisos
    [pi] macul/venta/departamento pág.24: 48 avisos
    [pi] macul/venta/departamento pág.25: 48 avisos
    [pi] macul/venta/departamento pág.26: 20 avisos
    [pi] sin respuesta: https://www.portalinmobiliario.com/venta/departamento/macul-metropolitana_Desde_1249
  -> 1220 avisos guardados/actualizados
[listado] macul / arriendo / casa
    [pi] macul/arriendo/casa pág.1: 17 avisos
    [pi] sin respuesta: https://www.portalinmobiliario.com/arriendo/casa/macul-metropolitana_Desde_49
  -> 17 avisos guardados/actualizados
[listado] macul / arriendo / departamento
    [pi] macul/arriendo/departamento pág.1: 48 avisos
    [pi] macul/arriendo/departamento pág.2: 48 avisos
    [pi] macul/arriendo/departamento pág.3: 48 avisos
    [pi] macul/arriendo/departamento pág.4: 48 avisos
    [pi] macul/arriendo/departamento pág.5: 48 avisos
    [pi] macul/arriendo/departamento pág.6: 48 avisos
    [pi] macul/arriendo/departamento pág.7: 48 avisos
    [pi] macul/arriendo/departamento pág.8: 48 avisos
    [pi] macul/arriendo/departamento pág.9: 48 avisos
    [pi] macul/arriendo/departamento pág.10: 48 avisos
    [pi] macul/arriendo/departamento pág.11: 48 avisos
    [pi] macul/arriendo/departamento pág.12: 48 avisos
    [pi] macul/arriendo/departamento pág.13: 48 avisos
    [pi] macul/arriendo/departamento pág.14: 48 avisos
    [pi] macul/arriendo/departamento pág.15: 48 avisos
    [pi] macul/arriendo/departamento pág.16: 48 avisos
    [pi] macul/arriendo/departamento pág.17: 40 avisos
    [pi] sin respuesta: https://www.portalinmobiliario.com/arriendo/departamento/macul-metropolitana_Desde_817
  -> 808 avisos guardados/actualizados
[listado] la-florida / venta / casa
    [pi] la-florida/venta/casa pág.1: 48 avisos
    [pi] la-florida/venta/casa pág.2: 48 avisos
    [pi] la-florida/venta/casa pág.3: 48 avisos
    [pi] la-florida/venta/casa pág.4: 48 avisos
    [pi] la-florida/venta/casa pág.5: 48 avisos
    [pi] la-florida/venta/casa pág.6: 48 avisos
    [pi] la-florida/venta/casa pág.7: 48 avisos
    [pi] la-florida/venta/casa pág.8: 48 avisos
    [pi] la-florida/venta/casa pág.9: 48 avisos
    [pi] la-florida/venta/casa pág.10: 48 avisos
    [pi] la-florida/venta/casa pág.11: 48 avisos
    [pi] la-florida/venta/casa pág.12: 48 avisos
    [pi] la-florida/venta/casa pág.13: 48 avisos
    [pi] la-florida/venta/casa pág.14: 48 avisos
    [pi] la-florida/venta/casa pág.15: 48 avisos
    [pi] la-florida/venta/casa pág.16: 48 avisos
    [pi] la-florida/venta/casa pág.17: 48 avisos
    [pi] la-florida/venta/casa pág.18: 48 avisos
    [pi] la-florida/venta/casa pág.19: 48 avisos
    [pi] la-florida/venta/casa pág.20: 48 avisos
    [pi] la-florida/venta/casa pág.21: 48 avisos
    [pi] la-florida/venta/casa pág.22: 48 avisos
    [pi] la-florida/venta/casa pág.23: 48 avisos
    [pi] la-florida/venta/casa pág.24: 48 avisos
    [pi] la-florida/venta/casa pág.25: 48 avisos
    [pi] la-florida/venta/casa pág.26: 48 avisos
    [pi] la-florida/venta/casa pág.27: 48 avisos
    [pi] la-florida/venta/casa pág.28: 48 avisos
    [pi] la-florida/venta/casa pág.29: 48 avisos
    [pi] la-florida/venta/casa pág.30: 48 avisos
    [pi] la-florida/venta/casa pág.31: 48 avisos
    [pi] la-florida/venta/casa pág.32: 24 avisos
    [pi] sin respuesta: https://www.portalinmobiliario.com/venta/casa/la-florida-metropolitana_Desde_1537
  -> 1512 avisos guardados/actualizados
[listado] la-florida / venta / departamento
    [pi] la-florida/venta/departamento pág.1: 48 avisos
    [pi] la-florida/venta/departamento pág.2: 48 avisos
    [pi] la-florida/venta/departamento pág.3: 48 avisos
    [pi] la-florida/venta/departamento pág.4: 48 avisos
    [pi] la-florida/venta/departamento pág.5: 48 avisos
    [pi] la-florida/venta/departamento pág.6: 48 avisos
    [pi] la-florida/venta/departamento pág.7: 48 avisos
    [pi] la-florida/venta/departamento pág.8: 48 avisos
    [pi] la-florida/venta/departamento pág.9: 48 avisos
    [pi] la-florida/venta/departamento pág.10: 48 avisos
    [pi] la-florida/venta/departamento pág.11: 48 avisos
    [pi] la-florida/venta/departamento pág.12: 48 avisos
    [pi] la-florida/venta/departamento pág.13: 48 avisos
    [pi] la-florida/venta/departamento pág.14: 48 avisos
    [pi] la-florida/venta/departamento pág.15: 48 avisos
    [pi] la-florida/venta/departamento pág.16: 48 avisos
    [pi] la-florida/venta/departamento pág.17: 48 avisos
    [pi] la-florida/venta/departamento pág.18: 48 avisos
    [pi] la-florida/venta/departamento pág.19: 48 avisos
    [pi] la-florida/venta/departamento pág.20: 48 avisos
    [pi] la-florida/venta/departamento pág.21: 48 avisos
    [pi] la-florida/venta/departamento pág.22: 48 avisos
    [pi] la-florida/venta/departamento pág.23: 48 avisos
    [pi] la-florida/venta/departamento pág.24: 48 avisos
    [pi] la-florida/venta/departamento pág.25: 48 avisos
    [pi] la-florida/venta/departamento pág.26: 48 avisos
    [pi] la-florida/venta/departamento pág.27: 48 avisos
    [pi] la-florida/venta/departamento pág.28: 48 avisos
    [pi] la-florida/venta/departamento pág.29: 48 avisos
    [pi] la-florida/venta/departamento pág.30: 48 avisos
    [pi] la-florida/venta/departamento pág.31: 48 avisos
    [pi] la-florida/venta/departamento pág.32: 48 avisos
    [pi] la-florida/venta/departamento pág.33: 48 avisos
    [pi] la-florida/venta/departamento pág.34: 48 avisos
    [pi] la-florida/venta/departamento pág.35: 48 avisos
    [pi] la-florida/venta/departamento pág.36: 48 avisos
    [pi] la-florida/venta/departamento pág.37: 48 avisos
    [pi] la-florida/venta/departamento pág.38: 48 avisos
    [pi] la-florida/venta/departamento pág.39: 43 avisos
    [pi] sin respuesta: https://www.portalinmobiliario.com/venta/departamento/la-florida-metropolitana_Desde_1873
  -> 1867 avisos guardados/actualizados
[listado] la-florida / arriendo / casa
    [pi] la-florida/arriendo/casa pág.1: 48 avisos
    [pi] la-florida/arriendo/casa pág.2: 48 avisos
    [pi] la-florida/arriendo/casa pág.3: 6 avisos
    [pi] sin respuesta: https://www.portalinmobiliario.com/arriendo/casa/la-florida-metropolitana_Desde_145
  -> 102 avisos guardados/actualizados
[listado] la-florida / arriendo / departamento
    [pi] la-florida/arriendo/departamento pág.1: 48 avisos
    [pi] la-florida/arriendo/departamento pág.2: 48 avisos
    [pi] la-florida/arriendo/departamento pág.3: 48 avisos
    [pi] la-florida/arriendo/departamento pág.4: 48 avisos
    [pi] la-florida/arriendo/departamento pág.5: 48 avisos
    [pi] la-florida/arriendo/departamento pág.6: 48 avisos
    [pi] la-florida/arriendo/departamento pág.7: 48 avisos
    [pi] la-florida/arriendo/departamento pág.8: 48 avisos
    [pi] la-florida/arriendo/departamento pág.9: 48 avisos
    [pi] la-florida/arriendo/departamento pág.10: 48 avisos
    [pi] la-florida/arriendo/departamento pág.11: 48 avisos
    [pi] la-florida/arriendo/departamento pág.12: 48 avisos
    [pi] la-florida/arriendo/departamento pág.13: 48 avisos
    [pi] la-florida/arriendo/departamento pág.14: 48 avisos
    [pi] la-florida/arriendo/departamento pág.15: 48 avisos
    [pi] la-florida/arriendo/departamento pág.16: 48 avisos
    [pi] la-florida/arriendo/departamento pág.17: 48 avisos
    [pi] la-florida/arriendo/departamento pág.18: 48 avisos
    [pi] la-florida/arriendo/departamento pág.19: 48 avisos
    [pi] la-florida/arriendo/departamento pág.20: 48 avisos
    [pi] la-florida/arriendo/departamento pág.21: 48 avisos
    [pi] la-florida/arriendo/departamento pág.22: 48 avisos
    [pi] la-florida/arriendo/departamento pág.23: 48 avisos
    [pi] la-florida/arriendo/departamento pág.24: 48 avisos
    [pi] la-florida/arriendo/departamento pág.25: 48 avisos
    [pi] la-florida/arriendo/departamento pág.26: 25 avisos
    [pi] sin respuesta: https://www.portalinmobiliario.com/arriendo/departamento/la-florida-metropolitana_Desde_1249
  -> 1225 avisos guardados/actualizados
[listado] nunoa / venta / casa
    [pi] nunoa/venta/casa pág.1: 48 avisos
    [pi] nunoa/venta/casa pág.2: 48 avisos
    [pi] nunoa/venta/casa pág.3: 48 avisos
    [pi] nunoa/venta/casa pág.4: 48 avisos
    [pi] nunoa/venta/casa pág.5: 48 avisos
    [pi] nunoa/venta/casa pág.6: 48 avisos
    [pi] nunoa/venta/casa pág.7: 48 avisos
    [pi] nunoa/venta/casa pág.8: 48 avisos
    [pi] nunoa/venta/casa pág.9: 48 avisos
    [pi] nunoa/venta/casa pág.10: 48 avisos
    [pi] nunoa/venta/casa pág.11: 48 avisos
    [pi] nunoa/venta/casa pág.12: 48 avisos
    [pi] nunoa/venta/casa pág.13: 48 avisos
    [pi] nunoa/venta/casa pág.14: 48 avisos
    [pi] nunoa/venta/casa pág.15: 48 avisos
    [pi] nunoa/venta/casa pág.16: 48 avisos
    [pi] nunoa/venta/casa pág.17: 48 avisos
    [pi] nunoa/venta/casa pág.18: 48 avisos
    [pi] nunoa/venta/casa pág.19: 48 avisos
    [pi] nunoa/venta/casa pág.20: 48 avisos
    [pi] nunoa/venta/casa pág.21: 5 avisos
    [pi] sin respuesta: https://www.portalinmobiliario.com/venta/casa/nunoa-metropolitana_Desde_1009
  -> 965 avisos guardados/actualizados
[listado] nunoa / venta / departamento
    [pi] nunoa/venta/departamento pág.1: 48 avisos
    [pi] nunoa/venta/departamento pág.2: 48 avisos
    [pi] nunoa/venta/departamento pág.3: 48 avisos
    [pi] nunoa/venta/departamento pág.4: 48 avisos
    [pi] nunoa/venta/departamento pág.5: 48 avisos
    [pi] nunoa/venta/departamento pág.6: 48 avisos
    [pi] nunoa/venta/departamento pág.7: 48 avisos
    [pi] nunoa/venta/departamento pág.8: 48 avisos
    [pi] nunoa/venta/departamento pág.9: 48 avisos
    [pi] nunoa/venta/departamento pág.10: 48 avisos
    [pi] nunoa/venta/departamento pág.11: 48 avisos
    [pi] nunoa/venta/departamento pág.12: 48 avisos
    [pi] nunoa/venta/departamento pág.13: 48 avisos
    [pi] nunoa/venta/departamento pág.14: 48 avisos
    [pi] nunoa/venta/departamento pág.15: 48 avisos
    [pi] nunoa/venta/departamento pág.16: 48 avisos
    [pi] nunoa/venta/departamento pág.17: 48 avisos
    [pi] nunoa/venta/departamento pág.18: 48 avisos
    [pi] nunoa/venta/departamento pág.19: 48 avisos
    [pi] nunoa/venta/departamento pág.20: 48 avisos
    [pi] nunoa/venta/departamento pág.21: 48 avisos
    [pi] nunoa/venta/departamento pág.22: 48 avisos
    [pi] nunoa/venta/departamento pág.23: 48 avisos
    [pi] nunoa/venta/departamento pág.24: 48 avisos
    [pi] nunoa/venta/departamento pág.25: 48 avisos
    [pi] nunoa/venta/departamento pág.26: 48 avisos
    [pi] nunoa/venta/departamento pág.27: 48 avisos
    [pi] nunoa/venta/departamento pág.28: 48 avisos
    [pi] nunoa/venta/departamento pág.29: 48 avisos
    [pi] nunoa/venta/departamento pág.30: 48 avisos
    [pi] nunoa/venta/departamento pág.31: 48 avisos
    [pi] nunoa/venta/departamento pág.32: 48 avisos
    [pi] nunoa/venta/departamento pág.33: 48 avisos
    [pi] nunoa/venta/departamento pág.34: 48 avisos
    [pi] nunoa/venta/departamento pág.35: 48 avisos
    [pi] nunoa/venta/departamento pág.36: 48 avisos
    [pi] nunoa/venta/departamento pág.37: 48 avisos
    [pi] nunoa/venta/departamento pág.38: 48 avisos
    [pi] nunoa/venta/departamento pág.39: 48 avisos
    [pi] nunoa/venta/departamento pág.40: 48 avisos
    [pi] nunoa/venta/departamento pág.41: 48 avisos
    [pi] nunoa/venta/departamento pág.42: 48 avisos
    [pi] sin respuesta: https://www.portalinmobiliario.com/venta/departamento/nunoa-metropolitana_Desde_2017
  -> 2016 avisos guardados/actualizados
[listado] nunoa / arriendo / casa
    [pi] nunoa/arriendo/casa pág.1: 48 avisos
    [pi] nunoa/arriendo/casa pág.2: 43 avisos
    [pi] sin respuesta: https://www.portalinmobiliario.com/arriendo/casa/nunoa-metropolitana_Desde_97
  -> 91 avisos guardados/actualizados
[listado] nunoa / arriendo / departamento
    [pi] nunoa/arriendo/departamento pág.1: 48 avisos
    [pi] nunoa/arriendo/departamento pág.2: 48 avisos
    [pi] nunoa/arriendo/departamento pág.3: 48 avisos
    [pi] nunoa/arriendo/departamento pág.4: 48 avisos
    [pi] nunoa/arriendo/departamento pág.5: 48 avisos
    [pi] nunoa/arriendo/departamento pág.6: 48 avisos
    [pi] nunoa/arriendo/departamento pág.7: 48 avisos
    [pi] nunoa/arriendo/departamento pág.8: 48 avisos
    [pi] nunoa/arriendo/departamento pág.9: 48 avisos
    [pi] nunoa/arriendo/departamento pág.10: 48 avisos
    [pi] nunoa/arriendo/departamento pág.11: 48 avisos
    [pi] nunoa/arriendo/departamento pág.12: 48 avisos
    [pi] nunoa/arriendo/departamento pág.13: 48 avisos
    [pi] nunoa/arriendo/departamento pág.14: 48 avisos
    [pi] nunoa/arriendo/departamento pág.15: 48 avisos
    [pi] nunoa/arriendo/departamento pág.16: 48 avisos
    [pi] nunoa/arriendo/departamento pág.17: 48 avisos
    [pi] nunoa/arriendo/departamento pág.18: 48 avisos
    [pi] nunoa/arriendo/departamento pág.19: 48 avisos
    [pi] nunoa/arriendo/departamento pág.20: 48 avisos
    [pi] nunoa/arriendo/departamento pág.21: 48 avisos
    [pi] nunoa/arriendo/departamento pág.22: 48 avisos
    [pi] nunoa/arriendo/departamento pág.23: 48 avisos
    [pi] nunoa/arriendo/departamento pág.24: 48 avisos
    [pi] nunoa/arriendo/departamento pág.25: 48 avisos
    [pi] nunoa/arriendo/departamento pág.26: 48 avisos
    [pi] nunoa/arriendo/departamento pág.27: 48 avisos
    [pi] nunoa/arriendo/departamento pág.28: 48 avisos
    [pi] nunoa/arriendo/departamento pág.29: 48 avisos
    [pi] nunoa/arriendo/departamento pág.30: 48 avisos
    [pi] nunoa/arriendo/departamento pág.31: 48 avisos
    [pi] nunoa/arriendo/departamento pág.32: 31 avisos
    [pi] sin respuesta: https://www.portalinmobiliario.com/arriendo/departamento/nunoa-metropolitana_Desde_1537
  -> 1519 avisos guardados/actualizados
[listado] san-miguel / venta / casa
    [pi] san-miguel/venta/casa pág.1: 48 avisos
    [pi] san-miguel/venta/casa pág.2: 48 avisos
    [pi] san-miguel/venta/casa pág.3: 48 avisos
    [pi] san-miguel/venta/casa pág.4: 48 avisos
    [pi] san-miguel/venta/casa pág.5: 48 avisos
    [pi] san-miguel/venta/casa pág.6: 48 avisos
    [pi] san-miguel/venta/casa pág.7: 48 avisos
    [pi] san-miguel/venta/casa pág.8: 11 avisos
    [pi] sin respuesta: https://www.portalinmobiliario.com/venta/casa/san-miguel-metropolitana_Desde_385
  -> 347 avisos guardados/actualizados
[listado] san-miguel / venta / departamento
    [pi] san-miguel/venta/departamento pág.1: 48 avisos
    [pi] san-miguel/venta/departamento pág.2: 48 avisos
    [pi] san-miguel/venta/departamento pág.3: 48 avisos
    [pi] san-miguel/venta/departamento pág.4: 48 avisos
    [pi] san-miguel/venta/departamento pág.5: 48 avisos
    [pi] san-miguel/venta/departamento pág.6: 48 avisos
    [pi] san-miguel/venta/departamento pág.7: 48 avisos
    [pi] san-miguel/venta/departamento pág.8: 48 avisos
    [pi] san-miguel/venta/departamento pág.9: 48 avisos
    [pi] san-miguel/venta/departamento pág.10: 48 avisos
    [pi] san-miguel/venta/departamento pág.11: 48 avisos
    [pi] san-miguel/venta/departamento pág.12: 48 avisos
    [pi] san-miguel/venta/departamento pág.13: 48 avisos
    [pi] san-miguel/venta/departamento pág.14: 48 avisos
    [pi] san-miguel/venta/departamento pág.15: 48 avisos
    [pi] san-miguel/venta/departamento pág.16: 48 avisos
    [pi] san-miguel/venta/departamento pág.17: 48 avisos
    [pi] san-miguel/venta/departamento pág.18: 48 avisos
    [pi] san-miguel/venta/departamento pág.19: 48 avisos
    [pi] san-miguel/venta/departamento pág.20: 48 avisos
    [pi] san-miguel/venta/departamento pág.21: 48 avisos
    [pi] san-miguel/venta/departamento pág.22: 48 avisos
    [pi] san-miguel/venta/departamento pág.23: 48 avisos
    [pi] san-miguel/venta/departamento pág.24: 48 avisos
    [pi] san-miguel/venta/departamento pág.25: 48 avisos
    [pi] san-miguel/venta/departamento pág.26: 48 avisos
    [pi] san-miguel/venta/departamento pág.27: 48 avisos
    [pi] san-miguel/venta/departamento pág.28: 48 avisos
    [pi] san-miguel/venta/departamento pág.29: 48 avisos
    [pi] san-miguel/venta/departamento pág.30: 48 avisos
    [pi] san-miguel/venta/departamento pág.31: 48 avisos
    [pi] san-miguel/venta/departamento pág.32: 48 avisos
    [pi] san-miguel/venta/departamento pág.33: 48 avisos
    [pi] san-miguel/venta/departamento pág.34: 48 avisos
    [pi] san-miguel/venta/departamento pág.35: 48 avisos
    [pi] san-miguel/venta/departamento pág.36: 48 avisos
    [pi] san-miguel/venta/departamento pág.37: 48 avisos
    [pi] san-miguel/venta/departamento pág.38: 48 avisos
    [pi] san-miguel/venta/departamento pág.39: 48 avisos
    [pi] san-miguel/venta/departamento pág.40: 48 avisos
    [pi] san-miguel/venta/departamento pág.41: 48 avisos
    [pi] san-miguel/venta/departamento pág.42: 48 avisos
    [pi] sin respuesta: https://www.portalinmobiliario.com/venta/departamento/san-miguel-metropolitana_Desde_2017
  -> 2016 avisos guardados/actualizados
[listado] san-miguel / arriendo / casa
    [pi] san-miguel/arriendo/casa pág.1: 18 avisos
    [pi] sin respuesta: https://www.portalinmobiliario.com/arriendo/casa/san-miguel-metropolitana_Desde_49
  -> 18 avisos guardados/actualizados
[listado] san-miguel / arriendo / departamento
    [pi] san-miguel/arriendo/departamento pág.1: 48 avisos
    [pi] san-miguel/arriendo/departamento pág.2: 48 avisos
    [pi] san-miguel/arriendo/departamento pág.3: 48 avisos
    [pi] san-miguel/arriendo/departamento pág.4: 48 avisos
    [pi] san-miguel/arriendo/departamento pág.5: 48 avisos
    [pi] san-miguel/arriendo/departamento pág.6: 48 avisos
    [pi] san-miguel/arriendo/departamento pág.7: 48 avisos
    [pi] san-miguel/arriendo/departamento pág.8: 48 avisos
    [pi] san-miguel/arriendo/departamento pág.9: 48 avisos
    [pi] san-miguel/arriendo/departamento pág.10: 48 avisos
    [pi] san-miguel/arriendo/departamento pág.11: 48 avisos
    [pi] san-miguel/arriendo/departamento pág.12: 48 avisos
    [pi] san-miguel/arriendo/departamento pág.13: 48 avisos
    [pi] san-miguel/arriendo/departamento pág.14: 48 avisos
    [pi] san-miguel/arriendo/departamento pág.15: 48 avisos
    [pi] san-miguel/arriendo/departamento pág.16: 48 avisos
    [pi] san-miguel/arriendo/departamento pág.17: 48 avisos
    [pi] san-miguel/arriendo/departamento pág.18: 48 avisos
    [pi] san-miguel/arriendo/departamento pág.19: 48 avisos
    [pi] san-miguel/arriendo/departamento pág.20: 48 avisos
    [pi] san-miguel/arriendo/departamento pág.21: 33 avisos
    [pi] sin respuesta: https://www.portalinmobiliario.com/arriendo/departamento/san-miguel-metropolitana_Desde_1009
  -> 993 avisos guardados/actualizados

CSV exportado: data/dataset_ofertas.csv (15102 filas)
sitio   comuna      operacion tipo           avisos c/detalle
pi      la-florida  arriendo  casa              102         0
pi      la-florida  arriendo  departamento     1225         0
pi      la-florida  venta     casa             1512         0
pi      la-florida  venta     departamento     1867         0
pi      macul       arriendo  casa               17         0
pi      macul       arriendo  departamento      808         0
pi      macul       venta     casa              387         0
pi      macul       venta     departamento     1220         0
pi      nunoa       arriendo  casa               91         0
pi      nunoa       arriendo  departamento     1518         0
pi      nunoa       venta     casa              965         3
pi      nunoa       venta     departamento     2016         0
pi      san-miguel  arriendo  casa               18         0
pi      san-miguel  arriendo  departamento      993         0
pi      san-miguel  venta     casa              347         0
pi      san-miguel  venta     departamento     2016         0
